✔ price-low does not rank unknown prices as cheapest (4.4493ms)
✔ maxPrice filter excludes companies with no observed price (1.9917ms)
✔ search mode does not use reputation to break identity ties (29.3991ms)
✔ complaint sort does not treat missing shipment volume as a perfect record (0.8307ms)
✔ fully structural Auto Transport queries consume category, role, and state (48.6425ms)
✔ service territory and route language never becomes recorded-HQ evidence (4.79ms)
✔ identity and identifier precedence protects accepted Search V1 behavior (1.8326ms)
✔ server filter contract uses identity residue, intersected services, recorded HQ, and neutral ordering (3.7643ms)
✔ legacy Auto Transport URL and ordinary identity URL remain compatible (0.4974ms)
✔ generic mover class plus state becomes a recorded-HQ cohort plan (2.9127ms)
✔ generic mover service and route intent stays unsupported geography (1.5806ms)
▶ Task 009A.1 directory contracts (pure)
  ✔ production default is db after 009A.2 cutover (2.0633ms)
  ✔ fail-closed publication excludes REVIEW_REQUIRED / INACTIVE / INGESTED / CLASSIFIED (0.5276ms)
  ✔ price-low sorts unknown price last (3.8164ms)
  ✔ complaints sorts unknown shipment volume last (0.5557ms)
  ✔ USDOT / MC search scores exact regulatory matches highest (4.39ms)
  ✔ exact name and legal name score highly (0.5387ms)
  ✔ API contract shape keys remain stable (0.6734ms)
✔ Task 009A.1 directory contracts (pure) (16.5016ms)
▶ Task 009A.1 live DB engine (optional)
  ✔ default query materializes <= limit+buffer rows, not full universe (5642.5019ms)
  ✔ USDOT search finds Allied 76235 (527.4284ms)
  ✔ offset pagination returns distinct pages (1485.1417ms)
  ✔ REVIEW_REQUIRED never appears in default results (569.9334ms)
✔ Task 009A.1 live DB engine (optional) (8227.7788ms)
✔ only NEW_CANONICAL_CANDIDATE can publish (3.2449ms)
✔ inactive cannot publish (0.583ms)
✔ valid federal Carrier publishes Carrier capability only (2.2227ms)
✔ valid Broker publishes Broker capability only (0.2679ms)
✔ valid dual publishes both underlying capabilities (0.3861ms)
✔ publication does not create local or auto capability (0.6368ms)
✔ slug generation is deterministic and collision-safe (0.6792ms)
✔ company id is USDOT-stable (0.3219ms)
✔ DBA is preferred over legal name when distinct (0.429ms)
✔ non-indexable profile stays out of sitemap (0.7552ms)
✔ Task 002 protected identities remain mapped (0.5695ms)
✔ mismatched FMCSA raw census cannot rename a canonical company (61.5812ms)
✔ county lookup aliases bind Mayflower county IDs to the canonical company (13539.7078ms)
✔ catalog snapshot does not reuse forbidden van-line USDOTs (205.0633ms)
✔ wave selection is geographically mixed and deterministic (53.0277ms)
✔ directory merge keeps canonical DB identity over a richer catalog snapshot (171.2236ms)
✔ incomplete geography is excluded (0.5546ms)
✔ Wave 2 candidate ID is selection-only and never a public publication state (0.3428ms)
✔ REVIEW_REQUIRED and INACTIVE cannot enter Wave 2 (0.722ms)
✔ company list paging continues past the PostgREST 1000-row cap (50.7831ms)
✔ selection exits when every state hits perStateCap (1.119ms)
✔ shared placeholder or copied USDOT does not cause automatic company merge (3.3547ms)
✔ brand and legal operating entity can be represented distinctly (0.4981ms)
✔ van-line network does not inherit an agent USDOT (0.3518ms)
✔ true duplicate keeps a deterministic canonical identity (0.5478ms)
✔ REVIEW_REQUIRED remains non-indexable (0.5264ms)
✔ VERIFIED capability requires VERIFIED evidence (0.2614ms)
✔ INFERRED capability cannot render an Authority Verified badge (3.2051ms)
✔ historical authority remains distinguishable from current authority (0.4877ms)
✔ V2 contract version and deterministic fingerprints are present (5.0519ms)
✔ natural state cohorts reuse the MOVE-DIR-002 plan (28.7149ms)
✔ Auto Transport class and regulatory role stay separate (5.3329ms)
✔ service-territory and route intent fail closed without a data call (14.4497ms)
✔ identifier precedence and malformed inputs are deterministic (3.3329ms)
✔ public contract has no scoring, rating, paid, subscription or internal-id field (0.7962ms)
▶ state-hhg identity matching
  ✔ matches exact USDOT (9.0281ms)
  ✔ matches legal name + address (2.6096ms)
  ✔ matches legal name + phone (1.104ms)
  ✔ fail-closes franchise brand without USDOT (0.5522ms)
  ✔ does not match name alone (0.8807ms)
  ✔ marks new provider candidate when no hit (0.4261ms)
  ✔ marks historical inactive (0.2455ms)
  ✔ usdot collision requires review (0.4754ms)
✔ state-hhg identity matching (24.9308ms)
ℹ tests 65
ℹ suites 3
ℹ pass 65
ℹ fail 0
ℹ cancelled 0
ℹ skipped 0
ℹ todo 0
ℹ duration_ms 18465.1584
