county-compliance-guards	Circuit breaker (Tier 1 <= 400)	﻿2026-09-11T23:20:09.4664038Z ##[group]Run npx tsx scripts/lib/tier1-circuit-breaker.ts
county-compliance-guards	Circuit breaker (Tier 1 <= 400)	2026-09-11T23:20:09.4664551Z ^[[36;1mnpx tsx scripts/lib/tier1-circuit-breaker.ts^[[0m
county-compliance-guards	Circuit breaker (Tier 1 <= 400)	2026-09-11T23:20:09.4709293Z shell: /usr/bin/bash -e {0}
county-compliance-guards	Circuit breaker (Tier 1 <= 400)	2026-09-11T23:20:09.4709622Z ##[endgroup]
county-compliance-guards	Circuit breaker (Tier 1 <= 400)	2026-09-11T23:20:19.8409174Z {
county-compliance-guards	Circuit breaker (Tier 1 <= 400)	2026-09-11T23:20:19.8409737Z   "tier1": 1695,
county-compliance-guards	Circuit breaker (Tier 1 <= 400)	2026-09-11T23:20:19.8410028Z   "tier2": 1448,
county-compliance-guards	Circuit breaker (Tier 1 <= 400)	2026-09-11T23:20:19.8410292Z   "maxAllowed": 400,
county-compliance-guards	Circuit breaker (Tier 1 <= 400)	2026-09-11T23:20:19.8410917Z   "pass": false,
county-compliance-guards	Circuit breaker (Tier 1 <= 400)	2026-09-11T23:20:19.8411508Z   "haltReason": "Tier 1 count 1695 exceeds maximum 400. Halting deploy.",
county-compliance-guards	Circuit breaker (Tier 1 <= 400)	2026-09-11T23:20:19.8412910Z   "producingRule": "evaluateCountyIndexabilityFromResult: 3+ explicit county movers, no regional fallback, non-batch cited research, deep-county or premium-metro wave only",
county-compliance-guards	Circuit breaker (Tier 1 <= 400)	2026-09-11T23:20:19.8414800Z   "tier1Reasons": {
county-compliance-guards	Circuit breaker (Tier 1 <= 400)	2026-09-11T23:20:19.8415211Z     "standard_quality_bar": 1287,
county-compliance-guards	Circuit breaker (Tier 1 <= 400)	2026-09-11T23:20:19.8415688Z     "premium_intelligence_pack": 199,
county-compliance-guards	Circuit breaker (Tier 1 <= 400)	2026-09-11T23:20:19.8416145Z     "premium_deep_research": 209
county-compliance-guards	Circuit breaker (Tier 1 <= 400)	2026-09-11T23:20:19.8416662Z   },
county-compliance-guards	Circuit breaker (Tier 1 <= 400)	2026-09-11T23:20:19.8416949Z   "tier2Reasons": {
county-compliance-guards	Circuit breaker (Tier 1 <= 400)	2026-09-11T23:20:19.8417345Z     "batch_template_research": 1398,
county-compliance-guards	Circuit breaker (Tier 1 <= 400)	2026-09-11T23:20:19.8417809Z     "missing_county_research": 50
county-compliance-guards	Circuit breaker (Tier 1 <= 400)	2026-09-11T23:20:19.8418198Z   }
county-compliance-guards	Circuit breaker (Tier 1 <= 400)	2026-09-11T23:20:19.8418500Z }
county-compliance-guards	Circuit breaker (Tier 1 <= 400)	2026-09-11T23:20:19.8999326Z ##[error]Process completed with exit code 1.
