
> move-trust-hub@1.0.0 check:th-search-r1-005
> tsx --require ./scripts/stub-server-only.cjs --test lib/move-ask/r1-name.test.ts

move_research_source_unavailable { executor: 'records', mode: 'entity' }
✔ R1-005 original named licensing question retains its subject rather than a carrier directory (31.4029ms)
✔ bare/find/check/research/licensed and role questions retrieve actual named positives (278.2638ms)
✔ legal, documented DBA and display-only provenance stay separate (38.5956ms)
✔ generic overlap, punctuation safety, normalization, meaningful words and numbers (62.7178ms)
✔ JK ambiguity is not auto-selected and selection revalidates the original name/task (40.7868ms)
✔ bounds disclose incomplete candidates; positive beyond old alphabetic page remains discoverable (16.7258ms)
✔ name conditions and overrides preserve identity; IDs cannot be replaced by name matching (58.6871ms)
✔ definitions/discovery/guidance/journey and missing identity are not company-name research (46.0243ms)
✔ invalid input and source errors never become a name miss or broad directory (13.2319ms)
✔ duplicate identity observation deduplication and unrelated source records cannot assert a match (9.4907ms)
✔ homepage/native/API share candidate meaning; miss and selected panels finish truthfully (263.8648ms)
✔ source normalization preserves apostrophes, Unicode letters, names with role words and safe punctuation (11.3084ms)
✔ source dual-role casing and spaced slash preserve supported role overrides (61.0944ms)
✔ unknown source role remains unestablished and malformed name syntax cannot become a directory (8.0113ms)
✔ permitted directory-only names do not invent a federal identity or registration grain (23.0617ms)
ℹ tests 15
ℹ suites 0
ℹ pass 15
ℹ fail 0
ℹ cancelled 0
ℹ skipped 0
ℹ todo 0
ℹ duration_ms 4716.6502
