
> move-trust-hub@1.0.0 check:th-search-r1-006
> tsx --require ./scripts/stub-server-only.cjs --test lib/move-ask/r1-association.test.ts

✔ R1-006 known disputed MC is not projected as a trusted public identifier (2.6552ms)
✔ disputed MC and pair are source conflicts; legacy consumers receive no confirmed JK association (20.6302ms)
✖ corroborated USDOT survives with conflict disclosure and never a disputed company-verification link (4.2648ms)
✔ observed replacement is not invented into the effective exact index; unrelated matches remain (4.8532ms)
✔ another permitted identity with the same MC is not suppressed by the JK review (3.0062ms)
✔ name selection keeps separate JK identities and the original task (6.2915ms)
move_research_source_unavailable { executor: 'records', mode: 'identifier' }
✔ publication hold and source failure do not clear or replace the reviewed association (7015.1094ms)
✔ changed source value/fingerprint requires review without mutating or substituting source values (2.0932ms)
✔ source clocks remain separate; missing clocks never become today (0.5821ms)
✔ families and multiple/historical source observations are not concatenated or forced one-to-one (0.9486ms)
✔ DB, seed, catalog, merged profile and directory DTO cannot restore the disputed MC (6.1906ms)
✔ profile, search, Verify and API render the same integrity-aware meaning (109.415ms)
✔ real Verify action contains the stored MC before any external authority lookup (fixture-only dependencies) (6.5675ms)
✔ pre-release cached company objects are re-projected at the public cache boundary (4.6997ms)
ℹ tests 14
ℹ suites 0
ℹ pass 13
ℹ fail 1
ℹ cancelled 0
ℹ skipped 0
ℹ todo 0
ℹ duration_ms 9805.0698

✖ failing tests:

test at lib\move-ask\r1-association.test.ts:2:5684
✖ corroborated USDOT survives with conflict disclosure and never a disputed company-verification link (4.2648ms)
  AssertionError [ERR_ASSERTION]: Expected values to be strictly equal:

  'MC_MX' !== 'USDOT'

      at <anonymous> (C:\Users\makei\th-search-r1-006-work\lib\move-ask\r1-association.test.ts:38:279)
      at async source (C:\Users\makei\th-search-r1-006-work\lib\move-ask\r1-association.test.ts:32:6)
      at async Test.run (node:internal/test_runner/test:1389:7)
      at async Test.processPendingSubtests (node:internal/test_runner/test:960:7) {
    generatedMessage: true,
    code: 'ERR_ASSERTION',
    actual: 'MC_MX',
    expected: 'USDOT',
    operator: 'strictEqual',
    diff: 'simple'
  }
