
> move-trust-hub@1.0.0 check:th-search-r1-006
> tsx --require ./scripts/stub-server-only.cjs --test lib/move-ask/r1-association.test.ts

✔ R1-006 known disputed MC is not projected as a trusted public identifier (3.5138ms)
✔ disputed MC and pair are source conflicts; legacy consumers receive no confirmed JK association (21.7703ms)
✔ corroborated USDOT survives with conflict disclosure and never a disputed company-verification link (4.5546ms)
✔ observed replacement is not invented into the effective exact index; unrelated matches remain (6.231ms)
✔ another permitted identity with the same MC is not suppressed by the JK review (2.6107ms)
✔ name selection keeps separate JK identities and the original task (7.9295ms)
move_research_source_unavailable { executor: 'records', mode: 'identifier' }
✔ publication hold and source failure do not clear or replace the reviewed association (7030.1328ms)
✔ changed source value/fingerprint requires review without mutating or substituting source values (2.6288ms)
✔ source clocks remain separate; missing clocks never become today (0.6291ms)
✔ families and multiple/historical source observations are not concatenated or forced one-to-one (0.7235ms)
✔ DB, seed, catalog, merged profile and directory DTO cannot restore the disputed MC (4.8225ms)
✔ profile, search, Verify and API render the same integrity-aware meaning (72.9864ms)
✔ real Verify action contains the stored MC before any external authority lookup (fixture-only dependencies) (7.7087ms)
ℹ tests 13
ℹ suites 0
ℹ pass 13
ℹ fail 0
ℹ cancelled 0
ℹ skipped 0
ℹ todo 0
ℹ duration_ms 9191.7244
