county-compliance-guards	Circuit breaker (Tier 1 <= 400)	﻿2026-09-12T23:04:58.0366668Z ##[group]Run npx tsx scripts/lib/tier1-circuit-breaker.ts
county-compliance-guards	Circuit breaker (Tier 1 <= 400)	2026-09-12T23:04:58.0367184Z ^[[36;1mnpx tsx scripts/lib/tier1-circuit-breaker.ts^[[0m
county-compliance-guards	Circuit breaker (Tier 1 <= 400)	2026-09-12T23:04:58.0405798Z shell: /usr/bin/bash -e {0}
county-compliance-guards	Circuit breaker (Tier 1 <= 400)	2026-09-12T23:04:58.0406082Z ##[endgroup]
county-compliance-guards	Circuit breaker (Tier 1 <= 400)	2026-09-12T23:05:08.4882253Z {
county-compliance-guards	Circuit breaker (Tier 1 <= 400)	2026-09-12T23:05:08.4883259Z   "tier1": 1695,
county-compliance-guards	Circuit breaker (Tier 1 <= 400)	2026-09-12T23:05:08.4884116Z   "tier2": 1448,
county-compliance-guards	Circuit breaker (Tier 1 <= 400)	2026-09-12T23:05:08.4884829Z   "maxAllowed": 400,
county-compliance-guards	Circuit breaker (Tier 1 <= 400)	2026-09-12T23:05:08.4885360Z   "pass": false,
county-compliance-guards	Circuit breaker (Tier 1 <= 400)	2026-09-12T23:05:08.4886079Z   "haltReason": "Tier 1 count 1695 exceeds maximum 400. Halting deploy.",
county-compliance-guards	Circuit breaker (Tier 1 <= 400)	2026-09-12T23:05:08.4888501Z   "producingRule": "evaluateCountyIndexabilityFromResult: 3+ explicit county movers, no regional fallback, non-batch cited research, deep-county or premium-metro wave only",
county-compliance-guards	Circuit breaker (Tier 1 <= 400)	2026-09-12T23:05:08.4889912Z   "tier1Reasons": {
county-compliance-guards	Circuit breaker (Tier 1 <= 400)	2026-09-12T23:05:08.4890398Z     "standard_quality_bar": 1287,
county-compliance-guards	Circuit breaker (Tier 1 <= 400)	2026-09-12T23:05:08.4891250Z     "premium_intelligence_pack": 199,
county-compliance-guards	Circuit breaker (Tier 1 <= 400)	2026-09-12T23:05:08.4891831Z     "premium_deep_research": 209
county-compliance-guards	Circuit breaker (Tier 1 <= 400)	2026-09-12T23:05:08.4892383Z   },
county-compliance-guards	Circuit breaker (Tier 1 <= 400)	2026-09-12T23:05:08.4892749Z   "tier2Reasons": {
county-compliance-guards	Circuit breaker (Tier 1 <= 400)	2026-09-12T23:05:08.4893287Z     "batch_template_research": 1398,
county-compliance-guards	Circuit breaker (Tier 1 <= 400)	2026-09-12T23:05:08.4893915Z     "missing_county_research": 50
county-compliance-guards	Circuit breaker (Tier 1 <= 400)	2026-09-12T23:05:08.4894397Z   }
county-compliance-guards	Circuit breaker (Tier 1 <= 400)	2026-09-12T23:05:08.4894744Z }
county-compliance-guards	Circuit breaker (Tier 1 <= 400)	2026-09-12T23:05:08.5409908Z ##[error]Process completed with exit code 1.
