move_research_source_unavailable { executor: 'directory', mode: 'entity' }
✔ structured city/ZIP requests cannot bypass the locality consent boundary (3.4506ms)
✖ R1-014 endpoints survive the production planner (10.3661ms)
✖ independent endpoints, abbreviations, multiple states and city ambiguity (1.3078ms)
✔ journeys and bookings never dispatch unrelated cohorts or names (1.6715ms)
✖ capability grains are source-native, never FMCSA-as-intrastate authority (0.8314ms)
✔ locality and near me retain conditions and require explicit query-bound broadening (14.6041ms)
✔ role, auto transport, filters and pagination cannot lose scope (7.0207ms)
✖ name plus journey and server selection retain the protected exact identity path (18.2586ms)
✔ API/native transport, rendered guidance and actions share the same meaning (35.9967ms)
✖ legal-name signals are not converted to locality requests (1.3805ms)
✔ natural-language authority and unsupported route counts stay visible through broadening (1.3225ms)
✖ booking paraphrases retain supplied local places and both endpoints (0.6591ms)
ℹ tests 12
ℹ suites 0
ℹ pass 6
ℹ fail 6
ℹ cancelled 0
ℹ skipped 0
ℹ todo 0
ℹ duration_ms 3168.7572

✖ failing tests:

test at lib\move-ask\r1-journey.test.ts:2:2676
✖ R1-014 endpoints survive the production planner (10.3661ms)
  AssertionError [ERR_ASSERTION]: The expression evaluated to a falsy value:

    assert.ok(j.destination)

      at TestContext.<anonymous> (C:\Users\makei\th-search-r1-014-work\lib\move-ask\r1-journey.test.ts:32:10)
      at Test.runInAsyncScope (node:async_hooks:227:14)
      at Test.run (node:internal/test_runner/test:1382:25)
      at Test.processPendingSubtests (node:internal/test_runner/test:960:18)
      at Test.postRun (node:internal/test_runner/test:1522:19)
      at Test.run (node:internal/test_runner/test:1447:12)
      at async startSubtestAfterBootstrap (node:internal/test_runner/harness:387:3) {
    generatedMessage: true,
    code: 'ERR_ASSERTION',
    actual: undefined,
    expected: true,
    operator: '==',
    diff: 'simple'
  }

test at lib\move-ask\r1-journey.test.ts:2:3307
✖ independent endpoints, abbreviations, multiple states and city ambiguity (1.3078ms)
  AssertionError [ERR_ASSERTION]: Expected values to be strictly equal:
  + actual - expected

  + undefined
  - 'New York City'

      at TestContext.<anonymous> (C:\Users\makei\th-search-r1-014-work\lib\move-ask\r1-journey.test.ts:47:12)
      at Test.runInAsyncScope (node:async_hooks:227:14)
      at Test.run (node:internal/test_runner/test:1382:25)
      at Test.processPendingSubtests (node:internal/test_runner/test:960:18)
      at Test.postRun (node:internal/test_runner/test:1522:19)
      at Test.run (node:internal/test_runner/test:1447:12)
      at async Test.processPendingSubtests (node:internal/test_runner/test:960:7) {
    generatedMessage: true,
    code: 'ERR_ASSERTION',
    actual: undefined,
    expected: 'New York City',
    operator: 'strictEqual',
    diff: 'simple'
  }

test at lib\move-ask\r1-journey.test.ts:2:5630
✖ capability grains are source-native, never FMCSA-as-intrastate authority (0.8314ms)
  AssertionError [ERR_ASSERTION]: Expected values to be strictly equal:
  + actual - expected

  + 'unresolved'
  - 'state_intrastate_research'

      at TestContext.<anonymous> (C:\Users\makei\th-search-r1-014-work\lib\move-ask\r1-journey.test.ts:113:12)
      at Test.runInAsyncScope (node:async_hooks:227:14)
      at Test.run (node:internal/test_runner/test:1382:25)
      at Test.processPendingSubtests (node:internal/test_runner/test:960:18)
      at Test.postRun (node:internal/test_runner/test:1522:19)
      at Test.run (node:internal/test_runner/test:1447:12)
      at async Test.processPendingSubtests (node:internal/test_runner/test:960:7) {
    generatedMessage: true,
    code: 'ERR_ASSERTION',
    actual: 'unresolved',
    expected: 'state_intrastate_research',
    operator: 'strictEqual',
    diff: 'simple'
  }

test at lib\move-ask\r1-journey.test.ts:2:9638
✖ name plus journey and server selection retain the protected exact identity path (18.2586ms)
  AssertionError [ERR_ASSERTION]: Expected values to be strictly equal:

  undefined !== 'FL'

      at TestContext.<anonymous> (C:\Users\makei\th-search-r1-014-work\lib\move-ask\r1-journey.test.ts:233:12)
      at async Test.run (node:internal/test_runner/test:1389:7)
      at async Test.processPendingSubtests (node:internal/test_runner/test:960:7) {
    generatedMessage: true,
    code: 'ERR_ASSERTION',
    actual: undefined,
    expected: 'FL',
    operator: 'strictEqual',
    diff: 'simple'
  }

test at lib\move-ask\r1-journey.test.ts:2:14077
✖ legal-name signals are not converted to locality requests (1.3805ms)
  AssertionError [ERR_ASSERTION]: Expected values to be strictly equal:

  undefined !== 'FL'

      at TestContext.<anonymous> (C:\Users\makei\th-search-r1-014-work\lib\move-ask\r1-journey.test.ts:321:125)
      at Test.runInAsyncScope (node:async_hooks:227:14)
      at Test.run (node:internal/test_runner/test:1382:25)
      at Test.processPendingSubtests (node:internal/test_runner/test:960:18)
      at Test.postRun (node:internal/test_runner/test:1522:19)
      at Test.run (node:internal/test_runner/test:1447:12)
      at async Test.processPendingSubtests (node:internal/test_runner/test:960:7) {
    generatedMessage: true,
    code: 'ERR_ASSERTION',
    actual: undefined,
    expected: 'FL',
    operator: 'strictEqual',
    diff: 'simple'
  }

test at lib\move-ask\r1-journey.test.ts:2:16129
✖ booking paraphrases retain supplied local places and both endpoints (0.6591ms)
  AssertionError [ERR_ASSERTION]: Expected values to be strictly equal:

  undefined !== 'NJ'

      at TestContext.<anonymous> (C:\Users\makei\th-search-r1-014-work\lib\move-ask\r1-journey.test.ts:335:150)
      at Test.runInAsyncScope (node:async_hooks:227:14)
      at Test.run (node:internal/test_runner/test:1382:25)
      at Test.processPendingSubtests (node:internal/test_runner/test:960:18)
      at Test.postRun (node:internal/test_runner/test:1522:19)
      at Test.run (node:internal/test_runner/test:1447:12)
      at async Test.processPendingSubtests (node:internal/test_runner/test:960:7) {
    generatedMessage: true,
    code: 'ERR_ASSERTION',
    actual: undefined,
    expected: 'NJ',
    operator: 'strictEqual',
    diff: 'simple'
  }
