move_research_source_unavailable { executor: 'directory', mode: 'entity' }
✔ structured city/ZIP requests cannot bypass the locality consent boundary (3.2702ms)
✔ R1-014 endpoints survive the production planner (5.3081ms)
✔ independent endpoints, abbreviations, multiple states and city ambiguity (2.4104ms)
✔ journeys and bookings never dispatch unrelated cohorts or names (3.4736ms)
✔ capability grains are source-native, never FMCSA-as-intrastate authority (1.4146ms)
✔ locality and near me retain conditions and require explicit query-bound broadening (18.0077ms)
✔ role, auto transport, filters and pagination cannot lose scope (6.1579ms)
✖ name plus journey and server selection retain the protected exact identity path (22.9033ms)
✔ API/native transport, rendered guidance and actions share the same meaning (40.5046ms)
✔ legal-name signals are not converted to locality requests (3.7194ms)
✔ natural-language authority and unsupported route counts stay visible through broadening (1.1531ms)
✔ booking paraphrases retain supplied local places and both endpoints (0.3859ms)
ℹ tests 12
ℹ suites 0
ℹ pass 11
ℹ fail 1
ℹ cancelled 0
ℹ skipped 0
ℹ todo 0
ℹ duration_ms 3700.5403

✖ failing tests:

test at lib\move-ask\r1-journey.test.ts:2:9638
✖ name plus journey and server selection retain the protected exact identity path (22.9033ms)
  AssertionError [ERR_ASSERTION]: Expected values to be strictly equal:
  + actual - expected

  + 'ESTABLISHED_BY_HQ'
  - 'NOT_ESTABLISHED'

      at TestContext.<anonymous> (C:\Users\makei\th-search-r1-014-work\lib\move-ask\r1-journey.test.ts:234:12)
      at async Test.run (node:internal/test_runner/test:1389:7)
      at async Test.processPendingSubtests (node:internal/test_runner/test:960:7) {
    generatedMessage: true,
    code: 'ERR_ASSERTION',
    actual: 'ESTABLISHED_BY_HQ',
    expected: 'NOT_ESTABLISHED',
    operator: 'strictEqual',
    diff: 'simple'
  }
