
> move-trust-hub@1.0.0 check:th-search-r1-005
> tsx --require ./scripts/stub-server-only.cjs --test lib/move-ask/r1-name.test.ts

move_research_source_unavailable { executor: 'records', mode: 'entity' }
✔ R1-005 original named licensing question retains its subject rather than a carrier directory (7.3345ms)
✔ bare/find/check/research/licensed and role questions retrieve actual named positives (45.7606ms)
✔ legal, documented DBA and display-only provenance stay separate (7.2191ms)
✔ generic overlap, punctuation safety, normalization, meaningful words and numbers (8.277ms)
✔ JK ambiguity is not auto-selected and selection revalidates the original name/task (6.651ms)
✔ bounds disclose incomplete candidates; positive beyond old alphabetic page remains discoverable (3.4586ms)
✔ name conditions and overrides preserve identity; IDs cannot be replaced by name matching (13.4662ms)
✔ definitions/discovery/guidance/journey and missing identity are not company-name research (7.7882ms)
✔ invalid input and source errors never become a name miss or broad directory (2.0463ms)
✔ duplicate identity observation deduplication and unrelated source records cannot assert a match (1.8387ms)
✔ homepage/native/API share candidate meaning; miss and selected panels finish truthfully (68.0924ms)
✔ source normalization preserves apostrophes, Unicode letters, names with role words and safe punctuation (4.9642ms)
✔ source dual-role casing and spaced slash preserve supported role overrides (23.0071ms)
✔ unknown source role remains unestablished and malformed name syntax cannot become a directory (3.2665ms)
✔ permitted directory-only names do not invent a federal identity or registration grain (11.8278ms)
ℹ tests 15
ℹ suites 0
ℹ pass 15
ℹ fail 0
ℹ cancelled 0
ℹ skipped 0
ℹ todo 0
ℹ duration_ms 1038.654
