
> move-trust-hub@1.0.0 check:th-search-r1-006
> tsx --require ./scripts/stub-server-only.cjs --test lib/move-ask/r1-association.test.ts

✔ R1-006 known disputed MC is not projected as a trusted public identifier (3.9395ms)
✔ disputed MC and pair are source conflicts; legacy consumers receive no confirmed JK association (38.9717ms)
✔ corroborated USDOT survives with conflict disclosure and never a disputed company-verification link (4.8628ms)
✔ observed replacement is not invented into the effective exact index; unrelated matches remain (8.2073ms)
✔ another permitted identity with the same MC is not suppressed by the JK review (3.0638ms)
✔ name selection keeps separate JK identities and the original task (9.7088ms)
move_research_source_unavailable { executor: 'records', mode: 'identifier' }
✔ publication hold and source failure do not clear or replace the reviewed association (7038.8506ms)
✔ changed source value/fingerprint requires review without mutating or substituting source values (1.3608ms)
✔ source clocks remain separate; missing clocks never become today (0.2631ms)
✔ families and multiple/historical source observations are not concatenated or forced one-to-one (0.3035ms)
✔ DB, seed, catalog, merged profile and directory DTO cannot restore the disputed MC (2.129ms)
✔ profile, search, Verify and API render the same integrity-aware meaning (43.6116ms)
✔ real Verify action contains the stored MC before any external authority lookup (fixture-only dependencies) (4.7153ms)
✔ pre-release cached company objects are re-projected at the public cache boundary (2.0315ms)
ℹ tests 14
ℹ suites 0
ℹ pass 14
ℹ fail 0
ℹ cancelled 0
ℹ skipped 0
ℹ todo 0
ℹ duration_ms 10028.8333
