
> move-trust-hub@1.0.0 check:th-search-r1-001
> tsx --require ./scripts/stub-server-only.cjs --test lib/move-ask/r1-reproduction.test.ts lib/move-ask/r1-behavior.test.ts

move_research_source_unavailable { executor: 'directory', mode: 'entity' }
✔ existing supported state override remains selected in the research form (10.2962ms)
✔ missing identifier has an explicit recoverable terminal state (6.1576ms)
✔ identifier variants, full grouped span, leading zeroes and MC family (34.1539ms)
✔ prefix fixture, exact miss and publication gates (3.0134ms)
✔ matching and conflicting USDOT/MC pairs retain both grains (1.3617ms)
✔ malformed/ambiguous/missing identifiers never reach a source (1.5884ms)
✔ native/API request validation, encoding and typed overrides agree (12.0918ms)
✔ homepage GET form and actual native page execute the same identity request as API (10.6857ms)
✔ directory dispatch preserves NJ, structured role, integer pagination and unavailable state (7.8877ms)
✔ NJ current carrier count preserves operation, role, source boolean and recorded state (10.4878ms)
✔ constraint conflicts stay visible and no implicit relaxation is applied (2.14ms)
✔ supported state cohorts larger than one database response remain complete (19.421ms)
✔ duplicate observations of one identity do not inflate the identity count (0.7483ms)
move_research_source_unavailable { executor: 'records', mode: 'identifier' }
move_research_source_unavailable { executor: 'records', mode: 'identifier' }
move_research_source_unavailable { executor: 'records', mode: 'identifier' }
✔ source error/timeout and contradictory evidence are unavailable, never zero or fallback (14056.7033ms)
✔ R1: spaced and messy explicitly labelled identifiers preserve the complete value (6.5523ms)
✔ R1: broad NJ discovery is independent of the state-license roster (2.3635ms)
✔ R1: exact 3244 miss does not query or explain a substring identity (35.9869ms)
ℹ tests 17
ℹ suites 0
ℹ pass 17
ℹ fail 0
ℹ cancelled 0
ℹ skipped 0
ℹ todo 0
ℹ duration_ms 14982.2726
