✖ R1-014 endpoints survive the production planner (5.3182ms)
ℹ tests 1
ℹ suites 0
ℹ pass 0
ℹ fail 1
ℹ cancelled 0
ℹ skipped 0
ℹ todo 0
ℹ duration_ms 614.3054

✖ failing tests:

test at lib\move-ask\r1-journey.test.ts:2:932
✖ R1-014 endpoints survive the production planner (5.3182ms)
  AssertionError [ERR_ASSERTION]: Journey must not become a refusal without endpoints
      at TestContext.<anonymous> (C:\Users\makei\th-search-r1-014-work\lib\move-ask\r1-journey.test.ts:8:10)
      at Test.runInAsyncScope (node:async_hooks:227:14)
      at Test.run (node:internal/test_runner/test:1382:25)
      at Test.start (node:internal/test_runner/test:1242:17)
      at startSubtestAfterBootstrap (node:internal/test_runner/harness:387:17) {
    generatedMessage: false,
    code: 'ERR_ASSERTION',
    actual: undefined,
    expected: true,
    operator: '==',
    diff: 'simple'
  }
