
> move-trust-hub@1.0.0 test
> node scripts/assert-share-002.mjs && tsx scripts/assert-share-003.ts && tsx scripts/assert-share-004a.ts && node scripts/assert-visual-006.mjs && npm run assert:network-metrics && npm run assert:nj-move-001 && npm run assert:nj-move-002 && npm run assert:ca-move-001 && npm run assert:tx-move-001 && npm run assert:wa-move-001 && npm run assert:co-move-001 && npm run assert:va-move-001 && npm run assert:ny-move-001 && npm run assert:il-move-001

SHARE-002 Move assertions passed (host, Move-only OG, no Lender/Insurance leak, 1200×630 ImageResponse).
SHARE-003 Move assertions passed (entity/content models, truncation, fallback, publication safety).
SHARE-004A social card contract passed.
VISUAL-006 Move network-shell assertions passed.

> move-trust-hub@1.0.0 assert:network-metrics
> node scripts/assert_network_metrics_v1.mjs && npx --yes tsx --test scripts/test_move_network_metrics.ts

ATH-METRICS-002A PASS network metric grain and staleness gates
▶ move-network-metrics-v1 grain safety
  ✔ does not sum federal and state universes (3.167ms)
  ✔ does not add Colorado HHG permits to the federal directory (0.5102ms)
  ✔ keeps FDACS IM out of federal directory and Florida HQ profiles (0.372ms)
  ✔ does not convert NJ unknown roster or CA CAL-T universe to zero (0.4833ms)
  ✔ does not treat CA citation rows as CAL-T mover count or USDOT (0.7393ms)
  ✔ keeps NJ NOV grain out of final orders and HQ profiles (0.7468ms)
  ✔ does not replace sourceAsOf with generatedAt (0.5697ms)
  ✔ requires published state routes in coverage (0.3028ms)
✔ move-network-metrics-v1 grain safety (8.591ms)
▶ checked-in manifest vs homepage wiring
  ✔ keeps homepage consumers on the v1 artifact path (0.5523ms)
✔ checked-in manifest vs homepage wiring (0.7565ms)
ℹ tests 9
ℹ suites 2
ℹ pass 9
ℹ fail 0
ℹ cancelled 0
ℹ skipped 0
ℹ todo 0
ℹ duration_ms 442.5529

> move-trust-hub@1.0.0 assert:nj-move-001
> python scripts/nj-move-001-tests.py && tsx scripts/assert-nj-move-001.mts && tsx lib/state-hhg/nj/adapter.test.ts

PASS pm_move_only
PASS pw_not_consumer_mover
PASS pc_combined
PASS pm_ne_pw_ne_pc
PASS 11_missing_status_not_active
PASS 8_state_license_identifier
PASS 9_current_vs_historical
PASS 10_expiration_parsing
PASS exact_usdot
PASS name_only_unsafe
PASS name_city_review
PASS authorities_not_inferred
PASS 14_exact_mc
PASS 16_name_address_high_confidence
PASS 18_shared_owner_not_auto_attached
PASS 19_state_only_preserved
PASS 20_fmcsa_only_carrier_preserved
PASS 21_one_license_many_usdot_review
PASS 22_successor_predecessor_review
PASS osm_count 3
PASS nov_not_final
PASS proposed_not_paid
PASS press_not_disposition
PASS unlicensed_not_conviction
PASS dba_preserved
PASS ocp_final_order
PASS nov_class
PASS 26_consent_order_classification
PASS 28_duplicate_event_prevention
PASS 29_multi_party_event
PASS 30_mover_vs_hic_separation
PASS 31_complaint_ne_violation
PASS 32_absence_ne_zero
PASS 33_source_period_required
PASS 34_tariff_ne_invoice
PASS 37_baseline_only
PASS 41_no_public_unresolved
PASS 43_no_trust_score
PASS 44_no_ranking
PASS roster_by_request
PASS no_rgb_scrape
PASS no_nj_silo
PASS rls_forced
PASS internal_default
PASS nullable_fmcsa
PASS nj_move_002_route
PASS sitemap_has_state_page
PASS no_vercel_project
PASS records_request
PASS no_fuzzy
PASS adapter_state_nj
PASS pw_gate
PASS nj-move-001-tests
NJ-MOVE-001 assertions: PASS
NJ PMW adapter tests: PASS

> move-trust-hub@1.0.0 assert:nj-move-002
> tsx lib/state-hhg/nj/publication.test.ts && tsx scripts/assert-nj-move-002.mts

NJ-MOVE-002 publication contract: PASS
NJ-MOVE-002 publication assertions: PASS

> move-trust-hub@1.0.0 assert:ca-move-001
> tsx lib/california-intelligence/publication.test.ts && tsx scripts/assert-ca-move-001.mts

CA-MOVE-001 publication contract: PASS
CA-MOVE-001 publication assertions: PASS

> move-trust-hub@1.0.0 assert:tx-move-001
> tsx lib/texas-intelligence/publication.test.ts && tsx scripts/assert-tx-move-001.mts

TX-MOVE-001 publication contract: PASS
TX-MOVE-001 publication assertions: PASS

> move-trust-hub@1.0.0 assert:wa-move-001
> tsx lib/washington-intelligence/publication.test.ts && tsx scripts/assert-wa-move-001.mts

WA-MOVE-001 publication contract: PASS
WA-MOVE-001 publication assertions: PASS

> move-trust-hub@1.0.0 assert:co-move-001
> tsx lib/colorado-intelligence/publication.test.ts && tsx scripts/assert-co-move-001.mts

CO-MOVE-001 publication contract: PASS
CO-MOVE-001 publication assertions: PASS

> move-trust-hub@1.0.0 assert:va-move-001
> python -X utf8 -m unittest scripts.test_va_move_001 && tsx lib/virginia-intelligence/publication.test.ts && tsx scripts/assert-va-move-001.mts

VA-MOVE-001 publication contract: PASS
VA-MOVE-001 publication assert: PASS

> move-trust-hub@1.0.0 assert:ny-move-001
> python -X utf8 -m unittest scripts.test_ny_move_001 && tsx lib/new-york-intelligence/publication.test.ts && tsx scripts/assert-ny-move-001.mts && tsx --test lib/move-ask/ny-routing.test.ts

✔ NY-MOVE-001 snapshot grains stay separate (1.0855ms)
✔ nested mutations change the NY snapshot fingerprint input (0.4181ms)
ℹ tests 2
ℹ suites 0
ℹ pass 2
ℹ fail 0
ℹ cancelled 0
ℹ skipped 0
ℹ todo 0
ℹ duration_ms 13.2362
NY-MOVE-001 publication assert: PASS
✔ NY intrastate roster requests do not execute Florida IM (7.8792ms)
✔ Florida IM queries still execute Florida registration grain (0.8278ms)
✔ explicit New York headquarters interstate research uses federal directory (1.965ms)
✔ labeled USDOT lookup with NY geography stays identifier research (0.5146ms)
✔ TH-SEARCH-R1-001 labeled identifiers still parse (0.5496ms)
✔ labeled USDOT complaint research is not blocked by New York geography (0.3555ms)
✔ explicit NYSDOT complaint corpus stays unavailable even with a USDOT (0.3604ms)
✔ USDOT does not prove New York intrastate authority (0.2645ms)
✔ name-only New York complaint still requires a labeled identity (0.4026ms)
✔ ranking, route, and malformed identifier safeguards still fail closed (2.0345ms)
ℹ tests 10
ℹ suites 0
ℹ pass 10
ℹ fail 0
ℹ cancelled 0
ℹ skipped 0
ℹ todo 0
ℹ duration_ms 388.3876

> move-trust-hub@1.0.0 assert:il-move-001
> python -X utf8 -m unittest scripts.test_il_move_001 && tsx lib/illinois-intelligence/publication.test.ts && tsx scripts/assert-il-move-001.mts && tsx --test lib/move-ask/il-routing.test.ts

✔ IL-MOVE-001 snapshot grains stay separate (0.9042ms)
✔ null roster counts are not zero (0.2071ms)
ℹ tests 2
ℹ suites 0
ℹ pass 2
ℹ fail 0
ℹ cancelled 0
ℹ skipped 0
ℹ todo 0
ℹ duration_ms 18.6149
IL-MOVE-001 publication assert: PASS
✔ Illinois HHG questions stay on ICC search grain and do not execute Florida IM (3.0548ms)
✔ Illinois complaint questions do not silently use FMCSA complaints (0.5088ms)
✔ interstate mover in Illinois uses federal headquarters path (6.272ms)
✔ labeled USDOT and MC lookups stay federal (2.396ms)
✔ ranking and Chicago routes fail closed (0.4295ms)
✔ USDOT does not prove Illinois intrastate authority (0.2209ms)
ℹ tests 6
ℹ suites 0
ℹ pass 6
ℹ fail 0
ℹ cancelled 0
ℹ skipped 0
ℹ todo 0
ℹ duration_ms 411.3109
