✔ exact published USDOT profile is eligible and flags default off (7.3713ms)
✔ v2 token binds exact profile, expires, and tampering changes signature (1.2404ms)
✔ Layer C and replies require exact hub/id and approved public shape (0.9152ms)
✔ Ask outage omits overlays without failing the mover profile (9.4978ms)
✔ business website permits only absolute HTTP(S) URLs (0.4108ms)
✔ successful handoff redirect is private and non-indexable (43.3596ms)
✔ artifact contains a unique exact-USDOT source cohort (1.3616ms)
✔ Auto Transport classification requires exact source-backed USDOT evidence (0.5975ms)
✔ formatting around an exact USDOT is normalized without name matching (0.8212ms)
✔ fully structural Auto Transport queries consume category, role, and state (10.4659ms)
✔ service territory and route language never becomes recorded-HQ evidence (3.3224ms)
✔ identity and identifier precedence protects accepted Search V1 behavior (2.6726ms)
✔ server filter contract uses identity residue, intersected services, recorded HQ, and neutral ordering (7.445ms)
✔ legacy Auto Transport URL and ordinary identity URL remain compatible (0.3799ms)
✔ generic mover class plus state becomes a recorded-HQ cohort plan (10.6551ms)
✔ generic mover service and route intent stays unsupported geography (2.9456ms)
✔ only NEW_CANONICAL_CANDIDATE can publish (3.4959ms)
✔ inactive cannot publish (0.1776ms)
✔ valid federal Carrier publishes Carrier capability only (1.0156ms)
✔ valid Broker publishes Broker capability only (0.1533ms)
✔ valid dual publishes both underlying capabilities (0.1557ms)
✔ publication does not create local or auto capability (0.2839ms)
✔ slug generation is deterministic and collision-safe (0.4562ms)
✔ company id is USDOT-stable (0.2867ms)
✔ DBA is preferred over legal name when distinct (1.1373ms)
✔ non-indexable profile stays out of sitemap (4.3266ms)
✔ Task 002 protected identities remain mapped (0.313ms)
✔ mismatched FMCSA raw census cannot rename a canonical company (31.9349ms)
✔ county lookup aliases bind Mayflower county IDs to the canonical company (3991.6062ms)
✔ catalog snapshot does not reuse forbidden van-line USDOTs (13.4313ms)
✔ wave selection is geographically mixed and deterministic (12.3926ms)
✔ directory merge keeps canonical DB identity over a richer catalog snapshot (25.2226ms)
✔ incomplete geography is excluded (0.1607ms)
✔ Wave 2 candidate ID is selection-only and never a public publication state (0.1234ms)
✔ REVIEW_REQUIRED and INACTIVE cannot enter Wave 2 (0.1326ms)
✔ company list paging continues past the PostgREST 1000-row cap (5.8928ms)
✔ selection exits when every state hits perStateCap (0.4203ms)
✔ directory schema uses bounded ItemList and an explicit total (1.2393ms)
✔ V2 contract version and deterministic fingerprints are present (0.9155ms)
✔ natural state cohorts reuse the MOVE-DIR-002 plan (5.9313ms)
✔ Auto Transport class and regulatory role stay separate (0.7627ms)
✔ service-territory and route intent fail closed without a data call (2.7321ms)
✔ identifier precedence and malformed inputs are deterministic (0.7057ms)
✔ public contract has no scoring, rating, paid, subscription or internal-id field (0.3274ms)
ℹ tests 44
ℹ suites 0
ℹ pass 44
ℹ fail 0
ℹ cancelled 0
ℹ skipped 0
ℹ todo 0
ℹ duration_ms 5728.0486
